mode=reconstruction, train=2400, test=0
[    1] loss=3.0003e-01 data=2.4486e-01 ode=8.7330e+00 R2_train=-4.3721 lambda_data=0.9999 lambda_ode=5e-05
[  250] loss=1.5752e-02 data=1.0959e-02 ode=9.7817e+01 R2_train=0.8708 lambda_data=0.9953 lambda_ode=4.908e-05
[  500] loss=1.6075e-02 data=1.1846e-02 ode=8.8946e+01 R2_train=0.8580 lambda_data=0.9892 lambda_ode=4.807e-05
[  750] loss=1.5197e-02 data=1.0737e-02 ode=9.8471e+01 R2_train=0.8729 lambda_data=0.9814 lambda_ode=4.702e-05
[ 1000] loss=1.4965e-02 data=1.0750e-02 ode=9.7689e+01 R2_train=0.8731 lambda_data=0.9724 lambda_ode=4.596e-05
[ 1250] loss=1.4725e-02 data=1.0685e-02 ode=9.8459e+01 R2_train=0.8736 lambda_data=0.9623 lambda_ode=4.491e-05
[ 1500] loss=1.4486e-02 data=1.0768e-02 ode=9.6106e+01 R2_train=0.8717 lambda_data=0.9515 lambda_ode=4.388e-05
[ 1750] loss=1.4265e-02 data=1.0567e-02 ode=1.0055e+02 R2_train=0.8750 lambda_data=0.94 lambda_ode=4.287e-05
[ 2000] loss=1.4002e-02 data=1.0489e-02 ode=1.0142e+02 R2_train=0.8761 lambda_data=0.928 lambda_ode=4.189e-05
[ 2250] loss=1.3895e-02 data=1.0658e-02 ode=1.0045e+02 R2_train=0.8730 lambda_data=0.9156 lambda_ode=4.092e-05
[ 2500] loss=1.3475e-02 data=1.0503e-02 ode=9.9301e+01 R2_train=0.8759 lambda_data=0.903 lambda_ode=3.999e-05
[ 2750] loss=1.3328e-02 data=1.0435e-02 ode=1.0262e+02 R2_train=0.8751 lambda_data=0.8902 lambda_ode=3.908e-05
[ 3000] loss=1.3279e-02 data=1.0471e-02 ode=1.0632e+02 R2_train=0.8761 lambda_data=0.8772 lambda_ode=3.819e-05
[ 3250] loss=1.2607e-02 data=1.0356e-02 ode=9.7647e+01 R2_train=0.8762 lambda_data=0.8641 lambda_ode=3.735e-05
[ 3500] loss=1.2379e-02 data=1.0375e-02 ode=9.6897e+01 R2_train=0.8765 lambda_data=0.8511 lambda_ode=3.652e-05
[ 3750] loss=1.2445e-02 data=1.0412e-02 ode=1.0387e+02 R2_train=0.8775 lambda_data=0.8369 lambda_ode=3.566e-05
[ 4000] loss=1.2032e-02 data=1.0368e-02 ode=9.8917e+01 R2_train=0.8772 lambda_data=0.8244 lambda_ode=3.484e-05
{
  "dataset": "CIC-IDS2017",
  "mode": "reconstruction",
  "params": {
    "beta": 0.5032199025154114,
    "gamma": 1.247851848602295,
    "kappa": 8.907975196838379,
    "delta": 1.4391769170761108
  },
  "initial_loss_weights": {
    "lambda_data": 1.0,
    "lambda_ode": 4.999999873689376e-05,
    "lambda_ic": 0.10000000149011612,
    "lambda_forcing": 9.999999747378752e-05,
    "lambda_smooth": 0.0010000000474974513,
    "lambda_d_smooth": 4.999999873689376e-06
  },
  "learned_loss_weights": {
    "lambda_data": 0.8244397640228271,
    "lambda_ode": 3.483758700895123e-05,
    "lambda_ic": 0.09903395175933838,
    "lambda_forcing": 6.335185025818646e-05,
    "lambda_smooth": 0.0007110487204045057,
    "lambda_d_smooth": 4.9050790948967915e-06
  },
  "train_metrics": {
    "MAE": 0.04583713666451028,
    "RMSE": 0.09001226191293503,
    "R²": 0.8772195411013695
  },
  "n_anomaly_points": 115,
  "residual_threshold": 22.19807243347168,
  "config": {
    "preprocessed": "/Users/maksimtimosuk/Desktop/vkr_project/pinn_cyber_threat_dynamics_v4/data/cic2017_preprocessed.npz",
    "dataset": "CIC-IDS2017",
    "output_dir": "/Users/maksimtimosuk/Desktop/vkr_project/pinn_cyber_threat_dynamics_v4/final_2017_reconstruction_logged",
    "mode": "reconstruction",
    "train_ratio": 0.8,
    "holdout_step": 5,
    "holdout_offset": 4,
    "hidden_dim": 160,
    "n_layers": 6,
    "n_harmonics": 16,
    "n_state_harmonics": 48,
    "epochs": 4000,
    "min_epochs": 1200,
    "patience": 700,
    "n_colloc": 1000,
    "lr": 0.001,
    "loss_weight_lr_scale": 0.1,
    "weight_decay": 1e-07,
    "lambda_data": 1.0,
    "lambda_ode": 5e-05,
    "lambda_ic": 0.1,
    "lambda_forcing": 0.0001,
    "lambda_smooth": 0.001,
    "lambda_d_smooth": 5e-06,
    "peak_weight": 5.0,
    "I0": 0.05,
    "D0": 0.0,
    "seed": 42,
    "log_every": 250,
    "history_every": 25,
    "history_name": "training_history.csv",
    "figure_name": "training_dynamics.png",
    "final_marker_at": "last_epoch"
  },
  "training_history": {
    "epochs_run": 4000,
    "best_epoch": 4000,
    "best_optimizer_loss_before_step": 0.012034103274345398
  },
  "metrics": {
    "MAE": 0.04583713666451028,
    "RMSE": 0.09001226191293503,
    "R²": 0.8772195411013695
  }
}
Saved history: /Users/maksimtimosuk/Desktop/vkr_project/pinn_cyber_threat_dynamics_v4/final_2017_reconstruction_logged/training_history.csv
Saved figure: /Users/maksimtimosuk/Desktop/vkr_project/pinn_cyber_threat_dynamics_v4/final_2017_reconstruction_logged/training_dynamics.png
