mode=reconstruction, train=2400, test=0
[    1] loss=3.2672e-01 data=2.5683e-01 ode=3.3269e+00 R2_train=-4.6256 lambda_data=0.9999 lambda_ode=5e-05
[ 1000] loss=1.4965e-02 data=1.0751e-02 ode=9.7655e+01 R2_train=0.8729 lambda_data=0.9724 lambda_ode=4.596e-05
[ 2000] loss=1.4013e-02 data=1.0686e-02 ode=9.7275e+01 R2_train=0.8760 lambda_data=0.928 lambda_ode=4.189e-05
[ 3000] loss=1.3931e-02 data=1.2370e-02 ode=7.9050e+01 R2_train=0.8660 lambda_data=0.8772 lambda_ode=3.819e-05
[ 4000] loss=1.2034e-02 data=1.0368e-02 ode=9.8951e+01 R2_train=0.8772 lambda_data=0.8244 lambda_ode=3.484e-05
{
  "dataset": "CIC-IDS2017",
  "mode": "reconstruction",
  "params": {
    "beta": 0.5032199025154114,
    "gamma": 1.247851848602295,
    "kappa": 8.907975196838379,
    "delta": 1.4391769170761108
  },
  "initial_loss_weights": {
    "lambda_data": 1.0,
    "lambda_ode": 4.999999873689376e-05,
    "lambda_ic": 0.10000000149011612,
    "lambda_forcing": 9.999999747378752e-05,
    "lambda_smooth": 0.0010000000474974513,
    "lambda_d_smooth": 4.999999873689376e-06
  },
  "learned_loss_weights": {
    "lambda_data": 0.8244397640228271,
    "lambda_ode": 3.483758700895123e-05,
    "lambda_ic": 0.09903395175933838,
    "lambda_forcing": 6.335185025818646e-05,
    "lambda_smooth": 0.0007110487204045057,
    "lambda_d_smooth": 4.9050790948967915e-06
  },
  "train_metrics": {
    "MAE": 0.04583713666451028,
    "RMSE": 0.09001226191293503,
    "R²": 0.8772195411013695
  },
  "n_anomaly_points": 115,
  "residual_threshold": 22.19807243347168,
  "config": {
    "preprocessed": "/Users/maksimtimosuk/Desktop/vkr_project/pinn_cyber_threat_dynamics_v4/data/cic2017_preprocessed.npz",
    "dataset": "CIC-IDS2017",
    "output_dir": "/Users/maksimtimosuk/Desktop/vkr_project/pinn_cyber_threat_dynamics_v4/final_2017_reconstruction",
    "mode": "reconstruction",
    "train_ratio": 0.8,
    "holdout_step": 5,
    "holdout_offset": 4,
    "hidden_dim": 160,
    "n_layers": 6,
    "n_harmonics": 16,
    "n_state_harmonics": 48,
    "epochs": 4000,
    "min_epochs": 1200,
    "patience": 700,
    "n_colloc": 1000,
    "lr": 0.001,
    "loss_weight_lr_scale": 0.1,
    "weight_decay": 1e-07,
    "lambda_data": 1.0,
    "lambda_ode": 5e-05,
    "lambda_ic": 0.1,
    "lambda_forcing": 0.0001,
    "lambda_smooth": 0.001,
    "lambda_d_smooth": 5e-06,
    "peak_weight": 5.0,
    "I0": 0.05,
    "D0": 0.0,
    "seed": 42,
    "log_every": 1000
  },
  "metrics": {
    "MAE": 0.04583713666451028,
    "RMSE": 0.09001226191293503,
    "R²": 0.8772195411013695
  }
}
