mode=reconstruction, train=2400, test=0
[    1] loss=4.3698e-01 data=3.6854e-01 ode=5.3659e+01 R2_train=-398.0428 lambda_data=0.9999 lambda_ode=5e-06
[ 1000] loss=1.8421e-03 data=1.5623e-03 ode=5.9299e+01 R2_train=0.5527 lambda_data=0.9945 lambda_ode=4.816e-06
[ 2000] loss=3.1805e-04 data=1.7833e-04 ode=2.9632e+01 R2_train=0.7600 lambda_data=0.9928 lambda_ode=4.744e-06
[ 3000] loss=2.5525e-04 data=1.4758e-04 ode=2.3413e+01 R2_train=0.7869 lambda_data=0.9905 lambda_ode=4.65e-06
[ 4000] loss=1.8158e-04 data=1.1639e-04 ode=1.4659e+01 R2_train=0.8301 lambda_data=0.9869 lambda_ode=4.54e-06
[ 5000] loss=9.6617e-05 data=6.1168e-05 ode=8.1889e+00 R2_train=0.9161 lambda_data=0.9825 lambda_ode=4.443e-06
{
  "dataset": "CSE-CIC-IDS2018",
  "mode": "reconstruction",
  "params": {
    "beta": 1.7171841859817505,
    "gamma": 1.0451616048812866,
    "kappa": 2.832425355911255,
    "delta": 1.6653295755386353
  },
  "initial_loss_weights": {
    "lambda_data": 1.0,
    "lambda_ode": 4.999999873689376e-06,
    "lambda_ic": 0.10000000149011612,
    "lambda_forcing": 4.999999873689376e-06,
    "lambda_smooth": 4.999999873689376e-05,
    "lambda_d_smooth": 0.0
  },
  "learned_loss_weights": {
    "lambda_data": 0.9831770062446594,
    "lambda_ode": 4.453778728930047e-06,
    "lambda_ic": 0.09982236474752426,
    "lambda_forcing": 4.153042027610354e-06,
    "lambda_smooth": 4.21481418015901e-05,
    "lambda_d_smooth": 0.0
  },
  "train_metrics": {
    "MAE": 0.0038291168716411525,
    "RMSE": 0.00987754998540235,
    "R²": 0.9182036948541694
  },
  "n_anomaly_points": 9,
  "residual_threshold": 76.48753356933594,
  "config": {
    "preprocessed": "/Users/maksimtimosuk/Desktop/vkr_project/pinn_cyber_threat_dynamics_v4/data/cse2018_preprocessed/cse2018_preprocessed.npz",
    "dataset": "CSE-CIC-IDS2018",
    "output_dir": "/Users/maksimtimosuk/Desktop/vkr_project/pinn_cyber_threat_dynamics_v4/final_2018_reconstruction",
    "mode": "reconstruction",
    "train_ratio": 0.8,
    "holdout_step": 5,
    "holdout_offset": 4,
    "hidden_dim": 160,
    "n_layers": 6,
    "n_harmonics": 32,
    "n_state_harmonics": 128,
    "epochs": 5000,
    "min_epochs": 1500,
    "patience": 900,
    "n_colloc": 1000,
    "lr": 0.001,
    "loss_weight_lr_scale": 0.1,
    "weight_decay": 1e-07,
    "lambda_data": 1.0,
    "lambda_ode": 5e-06,
    "lambda_ic": 0.1,
    "lambda_forcing": 5e-06,
    "lambda_smooth": 5e-05,
    "lambda_d_smooth": 0.0,
    "peak_weight": 300.0,
    "I0": 0.05,
    "D0": 0.0,
    "seed": 42,
    "log_every": 1000
  },
  "metrics": {
    "MAE": 0.0038291168716411525,
    "RMSE": 0.00987754998540235,
    "R²": 0.9182036948541694
  }
}
